// Jest Snapshot v1, https://goo.gl/fbAQLP

exports[`<PlayBack /> tests should render and match the snapshot 1`] = `
<body>
  <div>
    <div
      class="PlayBack__PlayDiv-sc-170akw8-0 fxiFyP"
      data-testid="playback-control"
    >
      <div
        class="PlayBack__PlayAlbumInfo-sc-170akw8-1 kHcacf"
      >
        <img
          src="test"
        />
        <p
          class="T__StyledText-gjlic1-0 kYcyRq"
          data-testid="playback-songName"
          style="margin-left: 10px;"
        >
          test
        </p>
      </div>
      <span
        aria-label="play-circle"
        class="anticon anticon-play-circle"
        data-testid="play"
        role="img"
        style="font-size: 25px;"
        tabindex="-1"
      >
        <svg
          aria-hidden="true"
          data-icon="play-circle"
          fill="currentColor"
          focusable="false"
          height="1em"
          viewBox="64 64 896 896"
          width="1em"
        >
          <path
            d="M512 64C264.6 64 64 264.6 64 512s200.6 448 448 448 448-200.6 448-448S759.4 64 512 64zm144.1 454.9L437.7 677.8a8.02 8.02 0 01-12.7-6.5V353.7a8 8 0 0112.7-6.5L656.1 506a7.9 7.9 0 010 12.9z"
          />
        </svg>
      </span>
      <div
        class="PlayBack__PlayAlbumControl-sc-170akw8-2 XTwXg"
      >
        <div
          class="ant-progress ant-progress-line ant-progress-status-active ant-progress-small"
          data-testid="testProgress"
        >
          <div
            class="ant-progress-outer"
          >
            <div
              class="ant-progress-inner"
            >
              <div
                class="ant-progress-bg"
                style="width: 0%; height: 6px;"
              />
            </div>
          </div>
        </div>
      </div>
      <audio
        autoplay=""
        data-testid="audioElement"
      />
    </div>
  </div>
</body>
`;
